DEBUG - 2026-07-20 07:09:32 --> Session: Class initialized using 'CodeIgniter\Session\Handlers\FileHandler' driver.
DEBUG - 2026-07-20 07:10:52 --> Session: Class initialized using 'CodeIgniter\Session\Handlers\FileHandler' driver.
ERROR - 2026-07-20 07:22:16 --> Error connecting to the database: Exception: Unable to open database: unable to open database file in P:\Github\ProjetFinalS4\system\Database\SQLite3\Connection.php:111
Stack trace:
#0 P:\Github\ProjetFinalS4\system\Database\SQLite3\Connection.php(111): SQLite3->__construct('P:\\Github\\Proje...')
#1 P:\Github\ProjetFinalS4\system\Database\BaseConnection.php(555): CodeIgniter\Database\SQLite3\Connection->connect(false)
#2 P:\Github\ProjetFinalS4\system\Database\SQLite3\Connection.php(74): CodeIgniter\Database\BaseConnection->initialize()
#3 P:\Github\ProjetFinalS4\system\Database\BaseConnection.php(795): CodeIgniter\Database\SQLite3\Connection->initialize()
#4 P:\Github\ProjetFinalS4\system\Database\BaseConnection.php(1706): CodeIgniter\Database\BaseConnection->query('SELECT "NAME" F...')
#5 P:\Github\ProjetFinalS4\system\Database\BaseConnection.php(1726): CodeIgniter\Database\BaseConnection->listTables()
#6 P:\Github\ProjetFinalS4\system\Database\MigrationRunner.php(821): CodeIgniter\Database\BaseConnection->tableExists('migrations')
#7 P:\Github\ProjetFinalS4\system\Database\MigrationRunner.php(173): CodeIgniter\Database\MigrationRunner->ensureTable()
#8 P:\Github\ProjetFinalS4\system\Commands\Database\Migrate.php(89): CodeIgniter\Database\MigrationRunner->latest(NULL)
#9 P:\Github\ProjetFinalS4\system\CLI\SignalTrait.php(245): CodeIgniter\Commands\Database\Migrate::{closure:CodeIgniter\Commands\Database\Migrate::run():88}()
#10 P:\Github\ProjetFinalS4\system\Commands\Database\Migrate.php(88): CodeIgniter\Commands\Database\Migrate->withSignalsBlocked(Object(Closure))
#11 P:\Github\ProjetFinalS4\system\CLI\Commands.php(74): CodeIgniter\Commands\Database\Migrate->run(Array)
#12 P:\Github\ProjetFinalS4\system\CLI\Console.php(47): CodeIgniter\CLI\Commands->run('migrate', Array)
#13 P:\Github\ProjetFinalS4\system\Boot.php(442): CodeIgniter\CLI\Console->run()
#14 P:\Github\ProjetFinalS4\system\Boot.php(166): CodeIgniter\Boot::runCommand(Object(CodeIgniter\CLI\Console))
#15 P:\Github\ProjetFinalS4\spark(87): CodeIgniter\Boot::bootSpark(Object(Config\Paths))
#16 {main}

Next CodeIgniter\Database\Exceptions\DatabaseException: SQLite3 error: Unable to open database: unable to open database file in P:\Github\ProjetFinalS4\system\Database\SQLite3\Connection.php:118
Stack trace:
#0 P:\Github\ProjetFinalS4\system\Database\BaseConnection.php(555): CodeIgniter\Database\SQLite3\Connection->connect(false)
#1 P:\Github\ProjetFinalS4\system\Database\SQLite3\Connection.php(74): CodeIgniter\Database\BaseConnection->initialize()
#2 P:\Github\ProjetFinalS4\system\Database\BaseConnection.php(795): CodeIgniter\Database\SQLite3\Connection->initialize()
#3 P:\Github\ProjetFinalS4\system\Database\BaseConnection.php(1706): CodeIgniter\Database\BaseConnection->query('SELECT "NAME" F...')
#4 P:\Github\ProjetFinalS4\system\Database\BaseConnection.php(1726): CodeIgniter\Database\BaseConnection->listTables()
#5 P:\Github\ProjetFinalS4\system\Database\MigrationRunner.php(821): CodeIgniter\Database\BaseConnection->tableExists('migrations')
#6 P:\Github\ProjetFinalS4\system\Database\MigrationRunner.php(173): CodeIgniter\Database\MigrationRunner->ensureTable()
#7 P:\Github\ProjetFinalS4\system\Commands\Database\Migrate.php(89): CodeIgniter\Database\MigrationRunner->latest(NULL)
#8 P:\Github\ProjetFinalS4\system\CLI\SignalTrait.php(245): CodeIgniter\Commands\Database\Migrate::{closure:CodeIgniter\Commands\Database\Migrate::run():88}()
#9 P:\Github\ProjetFinalS4\system\Commands\Database\Migrate.php(88): CodeIgniter\Commands\Database\Migrate->withSignalsBlocked(Object(Closure))
#10 P:\Github\ProjetFinalS4\system\CLI\Commands.php(74): CodeIgniter\Commands\Database\Migrate->run(Array)
#11 P:\Github\ProjetFinalS4\system\CLI\Console.php(47): CodeIgniter\CLI\Commands->run('migrate', Array)
#12 P:\Github\ProjetFinalS4\system\Boot.php(442): CodeIgniter\CLI\Console->run()
#13 P:\Github\ProjetFinalS4\system\Boot.php(166): CodeIgniter\Boot::runCommand(Object(CodeIgniter\CLI\Console))
#14 P:\Github\ProjetFinalS4\spark(87): CodeIgniter\Boot::bootSpark(Object(Config\Paths))
#15 {main}
ERROR - 2026-07-20 07:23:55 --> Error connecting to the database: Exception: Unable to open database: unable to open database file in P:\Github\ProjetFinalS4\system\Database\SQLite3\Connection.php:111
Stack trace:
#0 P:\Github\ProjetFinalS4\system\Database\SQLite3\Connection.php(111): SQLite3->__construct('P:\\Github\\Proje...')
#1 P:\Github\ProjetFinalS4\system\Database\BaseConnection.php(555): CodeIgniter\Database\SQLite3\Connection->connect(false)
#2 P:\Github\ProjetFinalS4\system\Database\SQLite3\Connection.php(74): CodeIgniter\Database\BaseConnection->initialize()
#3 P:\Github\ProjetFinalS4\system\Database\BaseConnection.php(795): CodeIgniter\Database\SQLite3\Connection->initialize()
#4 P:\Github\ProjetFinalS4\system\Database\BaseConnection.php(1706): CodeIgniter\Database\BaseConnection->query('SELECT "NAME" F...')
#5 P:\Github\ProjetFinalS4\system\Database\BaseConnection.php(1726): CodeIgniter\Database\BaseConnection->listTables()
#6 P:\Github\ProjetFinalS4\system\Database\MigrationRunner.php(821): CodeIgniter\Database\BaseConnection->tableExists('migrations')
#7 P:\Github\ProjetFinalS4\system\Database\MigrationRunner.php(173): CodeIgniter\Database\MigrationRunner->ensureTable()
#8 P:\Github\ProjetFinalS4\system\Commands\Database\Migrate.php(89): CodeIgniter\Database\MigrationRunner->latest(NULL)
#9 P:\Github\ProjetFinalS4\system\CLI\SignalTrait.php(245): CodeIgniter\Commands\Database\Migrate::{closure:CodeIgniter\Commands\Database\Migrate::run():88}()
#10 P:\Github\ProjetFinalS4\system\Commands\Database\Migrate.php(88): CodeIgniter\Commands\Database\Migrate->withSignalsBlocked(Object(Closure))
#11 P:\Github\ProjetFinalS4\system\CLI\Commands.php(74): CodeIgniter\Commands\Database\Migrate->run(Array)
#12 P:\Github\ProjetFinalS4\system\CLI\Console.php(47): CodeIgniter\CLI\Commands->run('migrate', Array)
#13 P:\Github\ProjetFinalS4\system\Boot.php(442): CodeIgniter\CLI\Console->run()
#14 P:\Github\ProjetFinalS4\system\Boot.php(166): CodeIgniter\Boot::runCommand(Object(CodeIgniter\CLI\Console))
#15 P:\Github\ProjetFinalS4\spark(87): CodeIgniter\Boot::bootSpark(Object(Config\Paths))
#16 {main}

Next CodeIgniter\Database\Exceptions\DatabaseException: SQLite3 error: Unable to open database: unable to open database file in P:\Github\ProjetFinalS4\system\Database\SQLite3\Connection.php:118
Stack trace:
#0 P:\Github\ProjetFinalS4\system\Database\BaseConnection.php(555): CodeIgniter\Database\SQLite3\Connection->connect(false)
#1 P:\Github\ProjetFinalS4\system\Database\SQLite3\Connection.php(74): CodeIgniter\Database\BaseConnection->initialize()
#2 P:\Github\ProjetFinalS4\system\Database\BaseConnection.php(795): CodeIgniter\Database\SQLite3\Connection->initialize()
#3 P:\Github\ProjetFinalS4\system\Database\BaseConnection.php(1706): CodeIgniter\Database\BaseConnection->query('SELECT "NAME" F...')
#4 P:\Github\ProjetFinalS4\system\Database\BaseConnection.php(1726): CodeIgniter\Database\BaseConnection->listTables()
#5 P:\Github\ProjetFinalS4\system\Database\MigrationRunner.php(821): CodeIgniter\Database\BaseConnection->tableExists('migrations')
#6 P:\Github\ProjetFinalS4\system\Database\MigrationRunner.php(173): CodeIgniter\Database\MigrationRunner->ensureTable()
#7 P:\Github\ProjetFinalS4\system\Commands\Database\Migrate.php(89): CodeIgniter\Database\MigrationRunner->latest(NULL)
#8 P:\Github\ProjetFinalS4\system\CLI\SignalTrait.php(245): CodeIgniter\Commands\Database\Migrate::{closure:CodeIgniter\Commands\Database\Migrate::run():88}()
#9 P:\Github\ProjetFinalS4\system\Commands\Database\Migrate.php(88): CodeIgniter\Commands\Database\Migrate->withSignalsBlocked(Object(Closure))
#10 P:\Github\ProjetFinalS4\system\CLI\Commands.php(74): CodeIgniter\Commands\Database\Migrate->run(Array)
#11 P:\Github\ProjetFinalS4\system\CLI\Console.php(47): CodeIgniter\CLI\Commands->run('migrate', Array)
#12 P:\Github\ProjetFinalS4\system\Boot.php(442): CodeIgniter\CLI\Console->run()
#13 P:\Github\ProjetFinalS4\system\Boot.php(166): CodeIgniter\Boot::runCommand(Object(CodeIgniter\CLI\Console))
#14 P:\Github\ProjetFinalS4\spark(87): CodeIgniter\Boot::bootSpark(Object(Config\Paths))
#15 {main}
ERROR - 2026-07-20 07:25:08 --> Error connecting to the database: Exception: Unable to open database: unable to open database file in P:\Github\ProjetFinalS4\system\Database\SQLite3\Connection.php:111
Stack trace:
#0 P:\Github\ProjetFinalS4\system\Database\SQLite3\Connection.php(111): SQLite3->__construct('P:\\Github\\Proje...')
#1 P:\Github\ProjetFinalS4\system\Database\BaseConnection.php(555): CodeIgniter\Database\SQLite3\Connection->connect(false)
#2 P:\Github\ProjetFinalS4\system\Database\SQLite3\Connection.php(74): CodeIgniter\Database\BaseConnection->initialize()
#3 P:\Github\ProjetFinalS4\system\Database\BaseConnection.php(795): CodeIgniter\Database\SQLite3\Connection->initialize()
#4 P:\Github\ProjetFinalS4\system\Database\BaseConnection.php(1706): CodeIgniter\Database\BaseConnection->query('SELECT "NAME" F...')
#5 P:\Github\ProjetFinalS4\system\Database\BaseConnection.php(1726): CodeIgniter\Database\BaseConnection->listTables()
#6 P:\Github\ProjetFinalS4\system\Database\MigrationRunner.php(821): CodeIgniter\Database\BaseConnection->tableExists('migrations')
#7 P:\Github\ProjetFinalS4\system\Database\MigrationRunner.php(173): CodeIgniter\Database\MigrationRunner->ensureTable()
#8 P:\Github\ProjetFinalS4\system\Commands\Database\Migrate.php(89): CodeIgniter\Database\MigrationRunner->latest(NULL)
#9 P:\Github\ProjetFinalS4\system\CLI\SignalTrait.php(245): CodeIgniter\Commands\Database\Migrate::{closure:CodeIgniter\Commands\Database\Migrate::run():88}()
#10 P:\Github\ProjetFinalS4\system\Commands\Database\Migrate.php(88): CodeIgniter\Commands\Database\Migrate->withSignalsBlocked(Object(Closure))
#11 P:\Github\ProjetFinalS4\system\CLI\Commands.php(74): CodeIgniter\Commands\Database\Migrate->run(Array)
#12 P:\Github\ProjetFinalS4\system\CLI\Console.php(47): CodeIgniter\CLI\Commands->run('migrate', Array)
#13 P:\Github\ProjetFinalS4\system\Boot.php(442): CodeIgniter\CLI\Console->run()
#14 P:\Github\ProjetFinalS4\system\Boot.php(166): CodeIgniter\Boot::runCommand(Object(CodeIgniter\CLI\Console))
#15 P:\Github\ProjetFinalS4\spark(87): CodeIgniter\Boot::bootSpark(Object(Config\Paths))
#16 {main}

Next CodeIgniter\Database\Exceptions\DatabaseException: SQLite3 error: Unable to open database: unable to open database file in P:\Github\ProjetFinalS4\system\Database\SQLite3\Connection.php:118
Stack trace:
#0 P:\Github\ProjetFinalS4\system\Database\BaseConnection.php(555): CodeIgniter\Database\SQLite3\Connection->connect(false)
#1 P:\Github\ProjetFinalS4\system\Database\SQLite3\Connection.php(74): CodeIgniter\Database\BaseConnection->initialize()
#2 P:\Github\ProjetFinalS4\system\Database\BaseConnection.php(795): CodeIgniter\Database\SQLite3\Connection->initialize()
#3 P:\Github\ProjetFinalS4\system\Database\BaseConnection.php(1706): CodeIgniter\Database\BaseConnection->query('SELECT "NAME" F...')
#4 P:\Github\ProjetFinalS4\system\Database\BaseConnection.php(1726): CodeIgniter\Database\BaseConnection->listTables()
#5 P:\Github\ProjetFinalS4\system\Database\MigrationRunner.php(821): CodeIgniter\Database\BaseConnection->tableExists('migrations')
#6 P:\Github\ProjetFinalS4\system\Database\MigrationRunner.php(173): CodeIgniter\Database\MigrationRunner->ensureTable()
#7 P:\Github\ProjetFinalS4\system\Commands\Database\Migrate.php(89): CodeIgniter\Database\MigrationRunner->latest(NULL)
#8 P:\Github\ProjetFinalS4\system\CLI\SignalTrait.php(245): CodeIgniter\Commands\Database\Migrate::{closure:CodeIgniter\Commands\Database\Migrate::run():88}()
#9 P:\Github\ProjetFinalS4\system\Commands\Database\Migrate.php(88): CodeIgniter\Commands\Database\Migrate->withSignalsBlocked(Object(Closure))
#10 P:\Github\ProjetFinalS4\system\CLI\Commands.php(74): CodeIgniter\Commands\Database\Migrate->run(Array)
#11 P:\Github\ProjetFinalS4\system\CLI\Console.php(47): CodeIgniter\CLI\Commands->run('migrate', Array)
#12 P:\Github\ProjetFinalS4\system\Boot.php(442): CodeIgniter\CLI\Console->run()
#13 P:\Github\ProjetFinalS4\system\Boot.php(166): CodeIgniter\Boot::runCommand(Object(CodeIgniter\CLI\Console))
#14 P:\Github\ProjetFinalS4\spark(87): CodeIgniter\Boot::bootSpark(Object(Config\Paths))
#15 {main}
ERROR - 2026-07-20 07:27:54 --> Error connecting to the database: Exception: Unable to open database: unable to open database file in P:\Github\ProjetFinalS4\system\Database\SQLite3\Connection.php:111
Stack trace:
#0 P:\Github\ProjetFinalS4\system\Database\SQLite3\Connection.php(111): SQLite3->__construct('P:\\Github\\Proje...')
#1 P:\Github\ProjetFinalS4\system\Database\BaseConnection.php(555): CodeIgniter\Database\SQLite3\Connection->connect(false)
#2 P:\Github\ProjetFinalS4\system\Database\SQLite3\Connection.php(74): CodeIgniter\Database\BaseConnection->initialize()
#3 P:\Github\ProjetFinalS4\system\Database\BaseConnection.php(795): CodeIgniter\Database\SQLite3\Connection->initialize()
#4 P:\Github\ProjetFinalS4\system\Database\BaseConnection.php(1706): CodeIgniter\Database\BaseConnection->query('SELECT "NAME" F...')
#5 P:\Github\ProjetFinalS4\system\Database\BaseConnection.php(1726): CodeIgniter\Database\BaseConnection->listTables()
#6 P:\Github\ProjetFinalS4\system\Database\MigrationRunner.php(821): CodeIgniter\Database\BaseConnection->tableExists('migrations')
#7 P:\Github\ProjetFinalS4\system\Database\MigrationRunner.php(173): CodeIgniter\Database\MigrationRunner->ensureTable()
#8 P:\Github\ProjetFinalS4\system\Commands\Database\Migrate.php(89): CodeIgniter\Database\MigrationRunner->latest(NULL)
#9 P:\Github\ProjetFinalS4\system\CLI\SignalTrait.php(245): CodeIgniter\Commands\Database\Migrate::{closure:CodeIgniter\Commands\Database\Migrate::run():88}()
#10 P:\Github\ProjetFinalS4\system\Commands\Database\Migrate.php(88): CodeIgniter\Commands\Database\Migrate->withSignalsBlocked(Object(Closure))
#11 P:\Github\ProjetFinalS4\system\CLI\Commands.php(74): CodeIgniter\Commands\Database\Migrate->run(Array)
#12 P:\Github\ProjetFinalS4\system\CLI\Console.php(47): CodeIgniter\CLI\Commands->run('migrate', Array)
#13 P:\Github\ProjetFinalS4\system\Boot.php(442): CodeIgniter\CLI\Console->run()
#14 P:\Github\ProjetFinalS4\system\Boot.php(166): CodeIgniter\Boot::runCommand(Object(CodeIgniter\CLI\Console))
#15 P:\Github\ProjetFinalS4\spark(87): CodeIgniter\Boot::bootSpark(Object(Config\Paths))
#16 {main}

Next CodeIgniter\Database\Exceptions\DatabaseException: SQLite3 error: Unable to open database: unable to open database file in P:\Github\ProjetFinalS4\system\Database\SQLite3\Connection.php:118
Stack trace:
#0 P:\Github\ProjetFinalS4\system\Database\BaseConnection.php(555): CodeIgniter\Database\SQLite3\Connection->connect(false)
#1 P:\Github\ProjetFinalS4\system\Database\SQLite3\Connection.php(74): CodeIgniter\Database\BaseConnection->initialize()
#2 P:\Github\ProjetFinalS4\system\Database\BaseConnection.php(795): CodeIgniter\Database\SQLite3\Connection->initialize()
#3 P:\Github\ProjetFinalS4\system\Database\BaseConnection.php(1706): CodeIgniter\Database\BaseConnection->query('SELECT "NAME" F...')
#4 P:\Github\ProjetFinalS4\system\Database\BaseConnection.php(1726): CodeIgniter\Database\BaseConnection->listTables()
#5 P:\Github\ProjetFinalS4\system\Database\MigrationRunner.php(821): CodeIgniter\Database\BaseConnection->tableExists('migrations')
#6 P:\Github\ProjetFinalS4\system\Database\MigrationRunner.php(173): CodeIgniter\Database\MigrationRunner->ensureTable()
#7 P:\Github\ProjetFinalS4\system\Commands\Database\Migrate.php(89): CodeIgniter\Database\MigrationRunner->latest(NULL)
#8 P:\Github\ProjetFinalS4\system\CLI\SignalTrait.php(245): CodeIgniter\Commands\Database\Migrate::{closure:CodeIgniter\Commands\Database\Migrate::run():88}()
#9 P:\Github\ProjetFinalS4\system\Commands\Database\Migrate.php(88): CodeIgniter\Commands\Database\Migrate->withSignalsBlocked(Object(Closure))
#10 P:\Github\ProjetFinalS4\system\CLI\Commands.php(74): CodeIgniter\Commands\Database\Migrate->run(Array)
#11 P:\Github\ProjetFinalS4\system\CLI\Console.php(47): CodeIgniter\CLI\Commands->run('migrate', Array)
#12 P:\Github\ProjetFinalS4\system\Boot.php(442): CodeIgniter\CLI\Console->run()
#13 P:\Github\ProjetFinalS4\system\Boot.php(166): CodeIgniter\Boot::runCommand(Object(CodeIgniter\CLI\Console))
#14 P:\Github\ProjetFinalS4\spark(87): CodeIgniter\Boot::bootSpark(Object(Config\Paths))
#15 {main}
ERROR - 2026-07-20 07:28:56 --> Error connecting to the database: Exception: Unable to open database: unable to open database file in P:\Github\ProjetFinalS4\system\Database\SQLite3\Connection.php:111
Stack trace:
#0 P:\Github\ProjetFinalS4\system\Database\SQLite3\Connection.php(111): SQLite3->__construct('P:\\Github\\Proje...')
#1 P:\Github\ProjetFinalS4\system\Database\BaseConnection.php(555): CodeIgniter\Database\SQLite3\Connection->connect(false)
#2 P:\Github\ProjetFinalS4\system\Database\SQLite3\Connection.php(74): CodeIgniter\Database\BaseConnection->initialize()
#3 P:\Github\ProjetFinalS4\system\Database\BaseConnection.php(795): CodeIgniter\Database\SQLite3\Connection->initialize()
#4 P:\Github\ProjetFinalS4\system\Database\BaseConnection.php(1706): CodeIgniter\Database\BaseConnection->query('SELECT "NAME" F...')
#5 P:\Github\ProjetFinalS4\system\Database\BaseConnection.php(1726): CodeIgniter\Database\BaseConnection->listTables()
#6 P:\Github\ProjetFinalS4\system\Database\MigrationRunner.php(821): CodeIgniter\Database\BaseConnection->tableExists('migrations')
#7 P:\Github\ProjetFinalS4\system\Database\MigrationRunner.php(173): CodeIgniter\Database\MigrationRunner->ensureTable()
#8 P:\Github\ProjetFinalS4\system\Commands\Database\Migrate.php(89): CodeIgniter\Database\MigrationRunner->latest(NULL)
#9 P:\Github\ProjetFinalS4\system\CLI\SignalTrait.php(245): CodeIgniter\Commands\Database\Migrate::{closure:CodeIgniter\Commands\Database\Migrate::run():88}()
#10 P:\Github\ProjetFinalS4\system\Commands\Database\Migrate.php(88): CodeIgniter\Commands\Database\Migrate->withSignalsBlocked(Object(Closure))
#11 P:\Github\ProjetFinalS4\system\CLI\Commands.php(74): CodeIgniter\Commands\Database\Migrate->run(Array)
#12 P:\Github\ProjetFinalS4\system\CLI\Console.php(47): CodeIgniter\CLI\Commands->run('migrate', Array)
#13 P:\Github\ProjetFinalS4\system\Boot.php(442): CodeIgniter\CLI\Console->run()
#14 P:\Github\ProjetFinalS4\system\Boot.php(166): CodeIgniter\Boot::runCommand(Object(CodeIgniter\CLI\Console))
#15 P:\Github\ProjetFinalS4\spark(87): CodeIgniter\Boot::bootSpark(Object(Config\Paths))
#16 {main}

Next CodeIgniter\Database\Exceptions\DatabaseException: SQLite3 error: Unable to open database: unable to open database file in P:\Github\ProjetFinalS4\system\Database\SQLite3\Connection.php:118
Stack trace:
#0 P:\Github\ProjetFinalS4\system\Database\BaseConnection.php(555): CodeIgniter\Database\SQLite3\Connection->connect(false)
#1 P:\Github\ProjetFinalS4\system\Database\SQLite3\Connection.php(74): CodeIgniter\Database\BaseConnection->initialize()
#2 P:\Github\ProjetFinalS4\system\Database\BaseConnection.php(795): CodeIgniter\Database\SQLite3\Connection->initialize()
#3 P:\Github\ProjetFinalS4\system\Database\BaseConnection.php(1706): CodeIgniter\Database\BaseConnection->query('SELECT "NAME" F...')
#4 P:\Github\ProjetFinalS4\system\Database\BaseConnection.php(1726): CodeIgniter\Database\BaseConnection->listTables()
#5 P:\Github\ProjetFinalS4\system\Database\MigrationRunner.php(821): CodeIgniter\Database\BaseConnection->tableExists('migrations')
#6 P:\Github\ProjetFinalS4\system\Database\MigrationRunner.php(173): CodeIgniter\Database\MigrationRunner->ensureTable()
#7 P:\Github\ProjetFinalS4\system\Commands\Database\Migrate.php(89): CodeIgniter\Database\MigrationRunner->latest(NULL)
#8 P:\Github\ProjetFinalS4\system\CLI\SignalTrait.php(245): CodeIgniter\Commands\Database\Migrate::{closure:CodeIgniter\Commands\Database\Migrate::run():88}()
#9 P:\Github\ProjetFinalS4\system\Commands\Database\Migrate.php(88): CodeIgniter\Commands\Database\Migrate->withSignalsBlocked(Object(Closure))
#10 P:\Github\ProjetFinalS4\system\CLI\Commands.php(74): CodeIgniter\Commands\Database\Migrate->run(Array)
#11 P:\Github\ProjetFinalS4\system\CLI\Console.php(47): CodeIgniter\CLI\Commands->run('migrate', Array)
#12 P:\Github\ProjetFinalS4\system\Boot.php(442): CodeIgniter\CLI\Console->run()
#13 P:\Github\ProjetFinalS4\system\Boot.php(166): CodeIgniter\Boot::runCommand(Object(CodeIgniter\CLI\Console))
#14 P:\Github\ProjetFinalS4\spark(87): CodeIgniter\Boot::bootSpark(Object(Config\Paths))
#15 {main}
ERROR - 2026-07-20 07:33:44 --> Error connecting to the database: Exception: Unable to open database: unable to open database file in P:\Github\ProjetFinalS4\system\Database\SQLite3\Connection.php:111
Stack trace:
#0 P:\Github\ProjetFinalS4\system\Database\SQLite3\Connection.php(111): SQLite3->__construct('P:\\Github\\Proje...')
#1 P:\Github\ProjetFinalS4\system\Database\BaseConnection.php(555): CodeIgniter\Database\SQLite3\Connection->connect(false)
#2 P:\Github\ProjetFinalS4\system\Database\SQLite3\Connection.php(74): CodeIgniter\Database\BaseConnection->initialize()
#3 P:\Github\ProjetFinalS4\system\Database\BaseConnection.php(795): CodeIgniter\Database\SQLite3\Connection->initialize()
#4 P:\Github\ProjetFinalS4\system\Database\BaseConnection.php(1706): CodeIgniter\Database\BaseConnection->query('SELECT "NAME" F...')
#5 P:\Github\ProjetFinalS4\system\Database\BaseConnection.php(1726): CodeIgniter\Database\BaseConnection->listTables()
#6 P:\Github\ProjetFinalS4\system\Database\MigrationRunner.php(821): CodeIgniter\Database\BaseConnection->tableExists('migrations')
#7 P:\Github\ProjetFinalS4\system\Database\MigrationRunner.php(173): CodeIgniter\Database\MigrationRunner->ensureTable()
#8 P:\Github\ProjetFinalS4\system\Commands\Database\Migrate.php(89): CodeIgniter\Database\MigrationRunner->latest(NULL)
#9 P:\Github\ProjetFinalS4\system\CLI\SignalTrait.php(245): CodeIgniter\Commands\Database\Migrate::{closure:CodeIgniter\Commands\Database\Migrate::run():88}()
#10 P:\Github\ProjetFinalS4\system\Commands\Database\Migrate.php(88): CodeIgniter\Commands\Database\Migrate->withSignalsBlocked(Object(Closure))
#11 P:\Github\ProjetFinalS4\system\CLI\Commands.php(74): CodeIgniter\Commands\Database\Migrate->run(Array)
#12 P:\Github\ProjetFinalS4\system\CLI\Console.php(47): CodeIgniter\CLI\Commands->run('migrate', Array)
#13 P:\Github\ProjetFinalS4\system\Boot.php(442): CodeIgniter\CLI\Console->run()
#14 P:\Github\ProjetFinalS4\system\Boot.php(166): CodeIgniter\Boot::runCommand(Object(CodeIgniter\CLI\Console))
#15 P:\Github\ProjetFinalS4\spark(87): CodeIgniter\Boot::bootSpark(Object(Config\Paths))
#16 {main}

Next CodeIgniter\Database\Exceptions\DatabaseException: SQLite3 error: Unable to open database: unable to open database file in P:\Github\ProjetFinalS4\system\Database\SQLite3\Connection.php:118
Stack trace:
#0 P:\Github\ProjetFinalS4\system\Database\BaseConnection.php(555): CodeIgniter\Database\SQLite3\Connection->connect(false)
#1 P:\Github\ProjetFinalS4\system\Database\SQLite3\Connection.php(74): CodeIgniter\Database\BaseConnection->initialize()
#2 P:\Github\ProjetFinalS4\system\Database\BaseConnection.php(795): CodeIgniter\Database\SQLite3\Connection->initialize()
#3 P:\Github\ProjetFinalS4\system\Database\BaseConnection.php(1706): CodeIgniter\Database\BaseConnection->query('SELECT "NAME" F...')
#4 P:\Github\ProjetFinalS4\system\Database\BaseConnection.php(1726): CodeIgniter\Database\BaseConnection->listTables()
#5 P:\Github\ProjetFinalS4\system\Database\MigrationRunner.php(821): CodeIgniter\Database\BaseConnection->tableExists('migrations')
#6 P:\Github\ProjetFinalS4\system\Database\MigrationRunner.php(173): CodeIgniter\Database\MigrationRunner->ensureTable()
#7 P:\Github\ProjetFinalS4\system\Commands\Database\Migrate.php(89): CodeIgniter\Database\MigrationRunner->latest(NULL)
#8 P:\Github\ProjetFinalS4\system\CLI\SignalTrait.php(245): CodeIgniter\Commands\Database\Migrate::{closure:CodeIgniter\Commands\Database\Migrate::run():88}()
#9 P:\Github\ProjetFinalS4\system\Commands\Database\Migrate.php(88): CodeIgniter\Commands\Database\Migrate->withSignalsBlocked(Object(Closure))
#10 P:\Github\ProjetFinalS4\system\CLI\Commands.php(74): CodeIgniter\Commands\Database\Migrate->run(Array)
#11 P:\Github\ProjetFinalS4\system\CLI\Console.php(47): CodeIgniter\CLI\Commands->run('migrate', Array)
#12 P:\Github\ProjetFinalS4\system\Boot.php(442): CodeIgniter\CLI\Console->run()
#13 P:\Github\ProjetFinalS4\system\Boot.php(166): CodeIgniter\Boot::runCommand(Object(CodeIgniter\CLI\Console))
#14 P:\Github\ProjetFinalS4\spark(87): CodeIgniter\Boot::bootSpark(Object(Config\Paths))
#15 {main}
ERROR - 2026-07-20 07:36:06 --> Error connecting to the database: Exception: Unable to open database: unable to open database file in P:\Github\ProjetFinalS4\system\Database\SQLite3\Connection.php:111
Stack trace:
#0 P:\Github\ProjetFinalS4\system\Database\SQLite3\Connection.php(111): SQLite3->__construct('P:\\Github\\Proje...')
#1 P:\Github\ProjetFinalS4\system\Database\BaseConnection.php(555): CodeIgniter\Database\SQLite3\Connection->connect(false)
#2 P:\Github\ProjetFinalS4\system\Database\SQLite3\Connection.php(74): CodeIgniter\Database\BaseConnection->initialize()
#3 P:\Github\ProjetFinalS4\system\Database\BaseConnection.php(795): CodeIgniter\Database\SQLite3\Connection->initialize()
#4 P:\Github\ProjetFinalS4\system\Database\BaseConnection.php(1706): CodeIgniter\Database\BaseConnection->query('SELECT "NAME" F...')
#5 P:\Github\ProjetFinalS4\system\Database\BaseConnection.php(1726): CodeIgniter\Database\BaseConnection->listTables()
#6 P:\Github\ProjetFinalS4\system\Database\MigrationRunner.php(821): CodeIgniter\Database\BaseConnection->tableExists('migrations')
#7 P:\Github\ProjetFinalS4\system\Database\MigrationRunner.php(173): CodeIgniter\Database\MigrationRunner->ensureTable()
#8 P:\Github\ProjetFinalS4\system\Commands\Database\Migrate.php(89): CodeIgniter\Database\MigrationRunner->latest(NULL)
#9 P:\Github\ProjetFinalS4\system\CLI\SignalTrait.php(245): CodeIgniter\Commands\Database\Migrate::{closure:CodeIgniter\Commands\Database\Migrate::run():88}()
#10 P:\Github\ProjetFinalS4\system\Commands\Database\Migrate.php(88): CodeIgniter\Commands\Database\Migrate->withSignalsBlocked(Object(Closure))
#11 P:\Github\ProjetFinalS4\system\CLI\Commands.php(74): CodeIgniter\Commands\Database\Migrate->run(Array)
#12 P:\Github\ProjetFinalS4\system\CLI\Console.php(47): CodeIgniter\CLI\Commands->run('migrate', Array)
#13 P:\Github\ProjetFinalS4\system\Boot.php(442): CodeIgniter\CLI\Console->run()
#14 P:\Github\ProjetFinalS4\system\Boot.php(166): CodeIgniter\Boot::runCommand(Object(CodeIgniter\CLI\Console))
#15 P:\Github\ProjetFinalS4\spark(87): CodeIgniter\Boot::bootSpark(Object(Config\Paths))
#16 {main}

Next CodeIgniter\Database\Exceptions\DatabaseException: SQLite3 error: Unable to open database: unable to open database file in P:\Github\ProjetFinalS4\system\Database\SQLite3\Connection.php:118
Stack trace:
#0 P:\Github\ProjetFinalS4\system\Database\BaseConnection.php(555): CodeIgniter\Database\SQLite3\Connection->connect(false)
#1 P:\Github\ProjetFinalS4\system\Database\SQLite3\Connection.php(74): CodeIgniter\Database\BaseConnection->initialize()
#2 P:\Github\ProjetFinalS4\system\Database\BaseConnection.php(795): CodeIgniter\Database\SQLite3\Connection->initialize()
#3 P:\Github\ProjetFinalS4\system\Database\BaseConnection.php(1706): CodeIgniter\Database\BaseConnection->query('SELECT "NAME" F...')
#4 P:\Github\ProjetFinalS4\system\Database\BaseConnection.php(1726): CodeIgniter\Database\BaseConnection->listTables()
#5 P:\Github\ProjetFinalS4\system\Database\MigrationRunner.php(821): CodeIgniter\Database\BaseConnection->tableExists('migrations')
#6 P:\Github\ProjetFinalS4\system\Database\MigrationRunner.php(173): CodeIgniter\Database\MigrationRunner->ensureTable()
#7 P:\Github\ProjetFinalS4\system\Commands\Database\Migrate.php(89): CodeIgniter\Database\MigrationRunner->latest(NULL)
#8 P:\Github\ProjetFinalS4\system\CLI\SignalTrait.php(245): CodeIgniter\Commands\Database\Migrate::{closure:CodeIgniter\Commands\Database\Migrate::run():88}()
#9 P:\Github\ProjetFinalS4\system\Commands\Database\Migrate.php(88): CodeIgniter\Commands\Database\Migrate->withSignalsBlocked(Object(Closure))
#10 P:\Github\ProjetFinalS4\system\CLI\Commands.php(74): CodeIgniter\Commands\Database\Migrate->run(Array)
#11 P:\Github\ProjetFinalS4\system\CLI\Console.php(47): CodeIgniter\CLI\Commands->run('migrate', Array)
#12 P:\Github\ProjetFinalS4\system\Boot.php(442): CodeIgniter\CLI\Console->run()
#13 P:\Github\ProjetFinalS4\system\Boot.php(166): CodeIgniter\Boot::runCommand(Object(CodeIgniter\CLI\Console))
#14 P:\Github\ProjetFinalS4\spark(87): CodeIgniter\Boot::bootSpark(Object(Config\Paths))
#15 {main}
ERROR - 2026-07-20 07:36:43 --> Error connecting to the database: Exception: Unable to open database: unable to open database file in P:\Github\ProjetFinalS4\system\Database\SQLite3\Connection.php:111
Stack trace:
#0 P:\Github\ProjetFinalS4\system\Database\SQLite3\Connection.php(111): SQLite3->__construct('P:\\Github\\Proje...')
#1 P:\Github\ProjetFinalS4\system\Database\BaseConnection.php(555): CodeIgniter\Database\SQLite3\Connection->connect(false)
#2 P:\Github\ProjetFinalS4\system\Database\SQLite3\Connection.php(74): CodeIgniter\Database\BaseConnection->initialize()
#3 P:\Github\ProjetFinalS4\system\Database\BaseConnection.php(795): CodeIgniter\Database\SQLite3\Connection->initialize()
#4 P:\Github\ProjetFinalS4\system\Database\BaseConnection.php(1706): CodeIgniter\Database\BaseConnection->query('SELECT "NAME" F...')
#5 P:\Github\ProjetFinalS4\system\Database\BaseConnection.php(1726): CodeIgniter\Database\BaseConnection->listTables()
#6 P:\Github\ProjetFinalS4\system\Database\MigrationRunner.php(821): CodeIgniter\Database\BaseConnection->tableExists('migrations')
#7 P:\Github\ProjetFinalS4\system\Database\MigrationRunner.php(173): CodeIgniter\Database\MigrationRunner->ensureTable()
#8 P:\Github\ProjetFinalS4\system\Commands\Database\Migrate.php(89): CodeIgniter\Database\MigrationRunner->latest(NULL)
#9 P:\Github\ProjetFinalS4\system\CLI\SignalTrait.php(245): CodeIgniter\Commands\Database\Migrate::{closure:CodeIgniter\Commands\Database\Migrate::run():88}()
#10 P:\Github\ProjetFinalS4\system\Commands\Database\Migrate.php(88): CodeIgniter\Commands\Database\Migrate->withSignalsBlocked(Object(Closure))
#11 P:\Github\ProjetFinalS4\system\CLI\Commands.php(74): CodeIgniter\Commands\Database\Migrate->run(Array)
#12 P:\Github\ProjetFinalS4\system\CLI\Console.php(47): CodeIgniter\CLI\Commands->run('migrate', Array)
#13 P:\Github\ProjetFinalS4\system\Boot.php(442): CodeIgniter\CLI\Console->run()
#14 P:\Github\ProjetFinalS4\system\Boot.php(166): CodeIgniter\Boot::runCommand(Object(CodeIgniter\CLI\Console))
#15 P:\Github\ProjetFinalS4\spark(87): CodeIgniter\Boot::bootSpark(Object(Config\Paths))
#16 {main}

Next CodeIgniter\Database\Exceptions\DatabaseException: SQLite3 error: Unable to open database: unable to open database file in P:\Github\ProjetFinalS4\system\Database\SQLite3\Connection.php:118
Stack trace:
#0 P:\Github\ProjetFinalS4\system\Database\BaseConnection.php(555): CodeIgniter\Database\SQLite3\Connection->connect(false)
#1 P:\Github\ProjetFinalS4\system\Database\SQLite3\Connection.php(74): CodeIgniter\Database\BaseConnection->initialize()
#2 P:\Github\ProjetFinalS4\system\Database\BaseConnection.php(795): CodeIgniter\Database\SQLite3\Connection->initialize()
#3 P:\Github\ProjetFinalS4\system\Database\BaseConnection.php(1706): CodeIgniter\Database\BaseConnection->query('SELECT "NAME" F...')
#4 P:\Github\ProjetFinalS4\system\Database\BaseConnection.php(1726): CodeIgniter\Database\BaseConnection->listTables()
#5 P:\Github\ProjetFinalS4\system\Database\MigrationRunner.php(821): CodeIgniter\Database\BaseConnection->tableExists('migrations')
#6 P:\Github\ProjetFinalS4\system\Database\MigrationRunner.php(173): CodeIgniter\Database\MigrationRunner->ensureTable()
#7 P:\Github\ProjetFinalS4\system\Commands\Database\Migrate.php(89): CodeIgniter\Database\MigrationRunner->latest(NULL)
#8 P:\Github\ProjetFinalS4\system\CLI\SignalTrait.php(245): CodeIgniter\Commands\Database\Migrate::{closure:CodeIgniter\Commands\Database\Migrate::run():88}()
#9 P:\Github\ProjetFinalS4\system\Commands\Database\Migrate.php(88): CodeIgniter\Commands\Database\Migrate->withSignalsBlocked(Object(Closure))
#10 P:\Github\ProjetFinalS4\system\CLI\Commands.php(74): CodeIgniter\Commands\Database\Migrate->run(Array)
#11 P:\Github\ProjetFinalS4\system\CLI\Console.php(47): CodeIgniter\CLI\Commands->run('migrate', Array)
#12 P:\Github\ProjetFinalS4\system\Boot.php(442): CodeIgniter\CLI\Console->run()
#13 P:\Github\ProjetFinalS4\system\Boot.php(166): CodeIgniter\Boot::runCommand(Object(CodeIgniter\CLI\Console))
#14 P:\Github\ProjetFinalS4\spark(87): CodeIgniter\Boot::bootSpark(Object(Config\Paths))
#15 {main}
ERROR - 2026-07-20 07:37:28 --> Error connecting to the database: Exception: Unable to open database: unable to open database file in P:\Github\ProjetFinalS4\system\Database\SQLite3\Connection.php:111
Stack trace:
#0 P:\Github\ProjetFinalS4\system\Database\SQLite3\Connection.php(111): SQLite3->__construct('P:\\Github\\Proje...')
#1 P:\Github\ProjetFinalS4\system\Database\BaseConnection.php(555): CodeIgniter\Database\SQLite3\Connection->connect(false)
#2 P:\Github\ProjetFinalS4\system\Database\SQLite3\Connection.php(74): CodeIgniter\Database\BaseConnection->initialize()
#3 P:\Github\ProjetFinalS4\system\Database\BaseConnection.php(795): CodeIgniter\Database\SQLite3\Connection->initialize()
#4 P:\Github\ProjetFinalS4\system\Database\BaseConnection.php(1706): CodeIgniter\Database\BaseConnection->query('SELECT "NAME" F...')
#5 P:\Github\ProjetFinalS4\system\Database\BaseConnection.php(1726): CodeIgniter\Database\BaseConnection->listTables()
#6 P:\Github\ProjetFinalS4\system\Database\MigrationRunner.php(821): CodeIgniter\Database\BaseConnection->tableExists('migrations')
#7 P:\Github\ProjetFinalS4\system\Database\MigrationRunner.php(173): CodeIgniter\Database\MigrationRunner->ensureTable()
#8 P:\Github\ProjetFinalS4\system\Commands\Database\Migrate.php(89): CodeIgniter\Database\MigrationRunner->latest(NULL)
#9 P:\Github\ProjetFinalS4\system\CLI\SignalTrait.php(245): CodeIgniter\Commands\Database\Migrate::{closure:CodeIgniter\Commands\Database\Migrate::run():88}()
#10 P:\Github\ProjetFinalS4\system\Commands\Database\Migrate.php(88): CodeIgniter\Commands\Database\Migrate->withSignalsBlocked(Object(Closure))
#11 P:\Github\ProjetFinalS4\system\CLI\Commands.php(74): CodeIgniter\Commands\Database\Migrate->run(Array)
#12 P:\Github\ProjetFinalS4\system\CLI\Console.php(47): CodeIgniter\CLI\Commands->run('migrate', Array)
#13 P:\Github\ProjetFinalS4\system\Boot.php(442): CodeIgniter\CLI\Console->run()
#14 P:\Github\ProjetFinalS4\system\Boot.php(166): CodeIgniter\Boot::runCommand(Object(CodeIgniter\CLI\Console))
#15 P:\Github\ProjetFinalS4\spark(87): CodeIgniter\Boot::bootSpark(Object(Config\Paths))
#16 {main}

Next CodeIgniter\Database\Exceptions\DatabaseException: SQLite3 error: Unable to open database: unable to open database file in P:\Github\ProjetFinalS4\system\Database\SQLite3\Connection.php:118
Stack trace:
#0 P:\Github\ProjetFinalS4\system\Database\BaseConnection.php(555): CodeIgniter\Database\SQLite3\Connection->connect(false)
#1 P:\Github\ProjetFinalS4\system\Database\SQLite3\Connection.php(74): CodeIgniter\Database\BaseConnection->initialize()
#2 P:\Github\ProjetFinalS4\system\Database\BaseConnection.php(795): CodeIgniter\Database\SQLite3\Connection->initialize()
#3 P:\Github\ProjetFinalS4\system\Database\BaseConnection.php(1706): CodeIgniter\Database\BaseConnection->query('SELECT "NAME" F...')
#4 P:\Github\ProjetFinalS4\system\Database\BaseConnection.php(1726): CodeIgniter\Database\BaseConnection->listTables()
#5 P:\Github\ProjetFinalS4\system\Database\MigrationRunner.php(821): CodeIgniter\Database\BaseConnection->tableExists('migrations')
#6 P:\Github\ProjetFinalS4\system\Database\MigrationRunner.php(173): CodeIgniter\Database\MigrationRunner->ensureTable()
#7 P:\Github\ProjetFinalS4\system\Commands\Database\Migrate.php(89): CodeIgniter\Database\MigrationRunner->latest(NULL)
#8 P:\Github\ProjetFinalS4\system\CLI\SignalTrait.php(245): CodeIgniter\Commands\Database\Migrate::{closure:CodeIgniter\Commands\Database\Migrate::run():88}()
#9 P:\Github\ProjetFinalS4\system\Commands\Database\Migrate.php(88): CodeIgniter\Commands\Database\Migrate->withSignalsBlocked(Object(Closure))
#10 P:\Github\ProjetFinalS4\system\CLI\Commands.php(74): CodeIgniter\Commands\Database\Migrate->run(Array)
#11 P:\Github\ProjetFinalS4\system\CLI\Console.php(47): CodeIgniter\CLI\Commands->run('migrate', Array)
#12 P:\Github\ProjetFinalS4\system\Boot.php(442): CodeIgniter\CLI\Console->run()
#13 P:\Github\ProjetFinalS4\system\Boot.php(166): CodeIgniter\Boot::runCommand(Object(CodeIgniter\CLI\Console))
#14 P:\Github\ProjetFinalS4\spark(87): CodeIgniter\Boot::bootSpark(Object(Config\Paths))
#15 {main}
ERROR - 2026-07-20 07:41:22 --> Error connecting to the database: Exception: Unable to open database: unable to open database file in P:\Github\ProjetFinalS4\system\Database\SQLite3\Connection.php:111
Stack trace:
#0 P:\Github\ProjetFinalS4\system\Database\SQLite3\Connection.php(111): SQLite3->__construct('P:\\Github\\Proje...')
#1 P:\Github\ProjetFinalS4\system\Database\BaseConnection.php(555): CodeIgniter\Database\SQLite3\Connection->connect(false)
#2 P:\Github\ProjetFinalS4\system\Database\SQLite3\Connection.php(74): CodeIgniter\Database\BaseConnection->initialize()
#3 P:\Github\ProjetFinalS4\system\Database\BaseConnection.php(795): CodeIgniter\Database\SQLite3\Connection->initialize()
#4 P:\Github\ProjetFinalS4\system\Database\BaseConnection.php(1706): CodeIgniter\Database\BaseConnection->query('SELECT "NAME" F...')
#5 P:\Github\ProjetFinalS4\system\Database\BaseConnection.php(1726): CodeIgniter\Database\BaseConnection->listTables()
#6 P:\Github\ProjetFinalS4\system\Database\MigrationRunner.php(821): CodeIgniter\Database\BaseConnection->tableExists('migrations')
#7 P:\Github\ProjetFinalS4\system\Database\MigrationRunner.php(173): CodeIgniter\Database\MigrationRunner->ensureTable()
#8 P:\Github\ProjetFinalS4\system\Commands\Database\Migrate.php(89): CodeIgniter\Database\MigrationRunner->latest(NULL)
#9 P:\Github\ProjetFinalS4\system\CLI\SignalTrait.php(245): CodeIgniter\Commands\Database\Migrate::{closure:CodeIgniter\Commands\Database\Migrate::run():88}()
#10 P:\Github\ProjetFinalS4\system\Commands\Database\Migrate.php(88): CodeIgniter\Commands\Database\Migrate->withSignalsBlocked(Object(Closure))
#11 P:\Github\ProjetFinalS4\system\CLI\Commands.php(74): CodeIgniter\Commands\Database\Migrate->run(Array)
#12 P:\Github\ProjetFinalS4\system\CLI\Console.php(47): CodeIgniter\CLI\Commands->run('migrate', Array)
#13 P:\Github\ProjetFinalS4\system\Boot.php(442): CodeIgniter\CLI\Console->run()
#14 P:\Github\ProjetFinalS4\system\Boot.php(166): CodeIgniter\Boot::runCommand(Object(CodeIgniter\CLI\Console))
#15 P:\Github\ProjetFinalS4\spark(87): CodeIgniter\Boot::bootSpark(Object(Config\Paths))
#16 {main}

Next CodeIgniter\Database\Exceptions\DatabaseException: SQLite3 error: Unable to open database: unable to open database file in P:\Github\ProjetFinalS4\system\Database\SQLite3\Connection.php:118
Stack trace:
#0 P:\Github\ProjetFinalS4\system\Database\BaseConnection.php(555): CodeIgniter\Database\SQLite3\Connection->connect(false)
#1 P:\Github\ProjetFinalS4\system\Database\SQLite3\Connection.php(74): CodeIgniter\Database\BaseConnection->initialize()
#2 P:\Github\ProjetFinalS4\system\Database\BaseConnection.php(795): CodeIgniter\Database\SQLite3\Connection->initialize()
#3 P:\Github\ProjetFinalS4\system\Database\BaseConnection.php(1706): CodeIgniter\Database\BaseConnection->query('SELECT "NAME" F...')
#4 P:\Github\ProjetFinalS4\system\Database\BaseConnection.php(1726): CodeIgniter\Database\BaseConnection->listTables()
#5 P:\Github\ProjetFinalS4\system\Database\MigrationRunner.php(821): CodeIgniter\Database\BaseConnection->tableExists('migrations')
#6 P:\Github\ProjetFinalS4\system\Database\MigrationRunner.php(173): CodeIgniter\Database\MigrationRunner->ensureTable()
#7 P:\Github\ProjetFinalS4\system\Commands\Database\Migrate.php(89): CodeIgniter\Database\MigrationRunner->latest(NULL)
#8 P:\Github\ProjetFinalS4\system\CLI\SignalTrait.php(245): CodeIgniter\Commands\Database\Migrate::{closure:CodeIgniter\Commands\Database\Migrate::run():88}()
#9 P:\Github\ProjetFinalS4\system\Commands\Database\Migrate.php(88): CodeIgniter\Commands\Database\Migrate->withSignalsBlocked(Object(Closure))
#10 P:\Github\ProjetFinalS4\system\CLI\Commands.php(74): CodeIgniter\Commands\Database\Migrate->run(Array)
#11 P:\Github\ProjetFinalS4\system\CLI\Console.php(47): CodeIgniter\CLI\Commands->run('migrate', Array)
#12 P:\Github\ProjetFinalS4\system\Boot.php(442): CodeIgniter\CLI\Console->run()
#13 P:\Github\ProjetFinalS4\system\Boot.php(166): CodeIgniter\Boot::runCommand(Object(CodeIgniter\CLI\Console))
#14 P:\Github\ProjetFinalS4\spark(87): CodeIgniter\Boot::bootSpark(Object(Config\Paths))
#15 {main}
ERROR - 2026-07-20 07:41:44 --> Error connecting to the database: Exception: Unable to open database: unable to open database file in P:\Github\ProjetFinalS4\system\Database\SQLite3\Connection.php:111
Stack trace:
#0 P:\Github\ProjetFinalS4\system\Database\SQLite3\Connection.php(111): SQLite3->__construct('P:\\Github\\Proje...')
#1 P:\Github\ProjetFinalS4\system\Database\BaseConnection.php(555): CodeIgniter\Database\SQLite3\Connection->connect(false)
#2 P:\Github\ProjetFinalS4\system\Database\SQLite3\Connection.php(74): CodeIgniter\Database\BaseConnection->initialize()
#3 P:\Github\ProjetFinalS4\system\Database\BaseConnection.php(795): CodeIgniter\Database\SQLite3\Connection->initialize()
#4 P:\Github\ProjetFinalS4\system\Database\BaseConnection.php(1706): CodeIgniter\Database\BaseConnection->query('SELECT "NAME" F...')
#5 P:\Github\ProjetFinalS4\system\Database\BaseConnection.php(1726): CodeIgniter\Database\BaseConnection->listTables()
#6 P:\Github\ProjetFinalS4\system\Database\MigrationRunner.php(821): CodeIgniter\Database\BaseConnection->tableExists('migrations')
#7 P:\Github\ProjetFinalS4\system\Database\MigrationRunner.php(173): CodeIgniter\Database\MigrationRunner->ensureTable()
#8 P:\Github\ProjetFinalS4\system\Commands\Database\Migrate.php(89): CodeIgniter\Database\MigrationRunner->latest(NULL)
#9 P:\Github\ProjetFinalS4\system\CLI\SignalTrait.php(245): CodeIgniter\Commands\Database\Migrate::{closure:CodeIgniter\Commands\Database\Migrate::run():88}()
#10 P:\Github\ProjetFinalS4\system\Commands\Database\Migrate.php(88): CodeIgniter\Commands\Database\Migrate->withSignalsBlocked(Object(Closure))
#11 P:\Github\ProjetFinalS4\system\CLI\Commands.php(74): CodeIgniter\Commands\Database\Migrate->run(Array)
#12 P:\Github\ProjetFinalS4\system\CLI\Console.php(47): CodeIgniter\CLI\Commands->run('migrate', Array)
#13 P:\Github\ProjetFinalS4\system\Boot.php(442): CodeIgniter\CLI\Console->run()
#14 P:\Github\ProjetFinalS4\system\Boot.php(166): CodeIgniter\Boot::runCommand(Object(CodeIgniter\CLI\Console))
#15 P:\Github\ProjetFinalS4\spark(87): CodeIgniter\Boot::bootSpark(Object(Config\Paths))
#16 {main}

Next CodeIgniter\Database\Exceptions\DatabaseException: SQLite3 error: Unable to open database: unable to open database file in P:\Github\ProjetFinalS4\system\Database\SQLite3\Connection.php:118
Stack trace:
#0 P:\Github\ProjetFinalS4\system\Database\BaseConnection.php(555): CodeIgniter\Database\SQLite3\Connection->connect(false)
#1 P:\Github\ProjetFinalS4\system\Database\SQLite3\Connection.php(74): CodeIgniter\Database\BaseConnection->initialize()
#2 P:\Github\ProjetFinalS4\system\Database\BaseConnection.php(795): CodeIgniter\Database\SQLite3\Connection->initialize()
#3 P:\Github\ProjetFinalS4\system\Database\BaseConnection.php(1706): CodeIgniter\Database\BaseConnection->query('SELECT "NAME" F...')
#4 P:\Github\ProjetFinalS4\system\Database\BaseConnection.php(1726): CodeIgniter\Database\BaseConnection->listTables()
#5 P:\Github\ProjetFinalS4\system\Database\MigrationRunner.php(821): CodeIgniter\Database\BaseConnection->tableExists('migrations')
#6 P:\Github\ProjetFinalS4\system\Database\MigrationRunner.php(173): CodeIgniter\Database\MigrationRunner->ensureTable()
#7 P:\Github\ProjetFinalS4\system\Commands\Database\Migrate.php(89): CodeIgniter\Database\MigrationRunner->latest(NULL)
#8 P:\Github\ProjetFinalS4\system\CLI\SignalTrait.php(245): CodeIgniter\Commands\Database\Migrate::{closure:CodeIgniter\Commands\Database\Migrate::run():88}()
#9 P:\Github\ProjetFinalS4\system\Commands\Database\Migrate.php(88): CodeIgniter\Commands\Database\Migrate->withSignalsBlocked(Object(Closure))
#10 P:\Github\ProjetFinalS4\system\CLI\Commands.php(74): CodeIgniter\Commands\Database\Migrate->run(Array)
#11 P:\Github\ProjetFinalS4\system\CLI\Console.php(47): CodeIgniter\CLI\Commands->run('migrate', Array)
#12 P:\Github\ProjetFinalS4\system\Boot.php(442): CodeIgniter\CLI\Console->run()
#13 P:\Github\ProjetFinalS4\system\Boot.php(166): CodeIgniter\Boot::runCommand(Object(CodeIgniter\CLI\Console))
#14 P:\Github\ProjetFinalS4\spark(87): CodeIgniter\Boot::bootSpark(Object(Config\Paths))
#15 {main}
ERROR - 2026-07-20 07:42:43 --> Error connecting to the database: Exception: Unable to open database: unable to open database file in P:\Github\ProjetFinalS4\system\Database\SQLite3\Connection.php:111
Stack trace:
#0 P:\Github\ProjetFinalS4\system\Database\SQLite3\Connection.php(111): SQLite3->__construct('P:\\Github\\Proje...')
#1 P:\Github\ProjetFinalS4\system\Database\BaseConnection.php(555): CodeIgniter\Database\SQLite3\Connection->connect(false)
#2 P:\Github\ProjetFinalS4\system\Database\SQLite3\Connection.php(74): CodeIgniter\Database\BaseConnection->initialize()
#3 P:\Github\ProjetFinalS4\system\Database\BaseConnection.php(795): CodeIgniter\Database\SQLite3\Connection->initialize()
#4 P:\Github\ProjetFinalS4\system\Database\BaseConnection.php(1706): CodeIgniter\Database\BaseConnection->query('SELECT "NAME" F...')
#5 P:\Github\ProjetFinalS4\system\Database\BaseConnection.php(1726): CodeIgniter\Database\BaseConnection->listTables()
#6 P:\Github\ProjetFinalS4\system\Database\MigrationRunner.php(821): CodeIgniter\Database\BaseConnection->tableExists('migrations')
#7 P:\Github\ProjetFinalS4\system\Database\MigrationRunner.php(173): CodeIgniter\Database\MigrationRunner->ensureTable()
#8 P:\Github\ProjetFinalS4\system\Commands\Database\Migrate.php(89): CodeIgniter\Database\MigrationRunner->latest(NULL)
#9 P:\Github\ProjetFinalS4\system\CLI\SignalTrait.php(245): CodeIgniter\Commands\Database\Migrate::{closure:CodeIgniter\Commands\Database\Migrate::run():88}()
#10 P:\Github\ProjetFinalS4\system\Commands\Database\Migrate.php(88): CodeIgniter\Commands\Database\Migrate->withSignalsBlocked(Object(Closure))
#11 P:\Github\ProjetFinalS4\system\CLI\Commands.php(74): CodeIgniter\Commands\Database\Migrate->run(Array)
#12 P:\Github\ProjetFinalS4\system\CLI\Console.php(47): CodeIgniter\CLI\Commands->run('migrate', Array)
#13 P:\Github\ProjetFinalS4\system\Boot.php(442): CodeIgniter\CLI\Console->run()
#14 P:\Github\ProjetFinalS4\system\Boot.php(166): CodeIgniter\Boot::runCommand(Object(CodeIgniter\CLI\Console))
#15 P:\Github\ProjetFinalS4\spark(87): CodeIgniter\Boot::bootSpark(Object(Config\Paths))
#16 {main}

Next CodeIgniter\Database\Exceptions\DatabaseException: SQLite3 error: Unable to open database: unable to open database file in P:\Github\ProjetFinalS4\system\Database\SQLite3\Connection.php:118
Stack trace:
#0 P:\Github\ProjetFinalS4\system\Database\BaseConnection.php(555): CodeIgniter\Database\SQLite3\Connection->connect(false)
#1 P:\Github\ProjetFinalS4\system\Database\SQLite3\Connection.php(74): CodeIgniter\Database\BaseConnection->initialize()
#2 P:\Github\ProjetFinalS4\system\Database\BaseConnection.php(795): CodeIgniter\Database\SQLite3\Connection->initialize()
#3 P:\Github\ProjetFinalS4\system\Database\BaseConnection.php(1706): CodeIgniter\Database\BaseConnection->query('SELECT "NAME" F...')
#4 P:\Github\ProjetFinalS4\system\Database\BaseConnection.php(1726): CodeIgniter\Database\BaseConnection->listTables()
#5 P:\Github\ProjetFinalS4\system\Database\MigrationRunner.php(821): CodeIgniter\Database\BaseConnection->tableExists('migrations')
#6 P:\Github\ProjetFinalS4\system\Database\MigrationRunner.php(173): CodeIgniter\Database\MigrationRunner->ensureTable()
#7 P:\Github\ProjetFinalS4\system\Commands\Database\Migrate.php(89): CodeIgniter\Database\MigrationRunner->latest(NULL)
#8 P:\Github\ProjetFinalS4\system\CLI\SignalTrait.php(245): CodeIgniter\Commands\Database\Migrate::{closure:CodeIgniter\Commands\Database\Migrate::run():88}()
#9 P:\Github\ProjetFinalS4\system\Commands\Database\Migrate.php(88): CodeIgniter\Commands\Database\Migrate->withSignalsBlocked(Object(Closure))
#10 P:\Github\ProjetFinalS4\system\CLI\Commands.php(74): CodeIgniter\Commands\Database\Migrate->run(Array)
#11 P:\Github\ProjetFinalS4\system\CLI\Console.php(47): CodeIgniter\CLI\Commands->run('migrate', Array)
#12 P:\Github\ProjetFinalS4\system\Boot.php(442): CodeIgniter\CLI\Console->run()
#13 P:\Github\ProjetFinalS4\system\Boot.php(166): CodeIgniter\Boot::runCommand(Object(CodeIgniter\CLI\Console))
#14 P:\Github\ProjetFinalS4\spark(87): CodeIgniter\Boot::bootSpark(Object(Config\Paths))
#15 {main}
ERROR - 2026-07-20 07:44:53 --> Error connecting to the database: Exception: Unable to open database: unable to open database file in P:\Github\ProjetFinalS4\system\Database\SQLite3\Connection.php:111
Stack trace:
#0 P:\Github\ProjetFinalS4\system\Database\SQLite3\Connection.php(111): SQLite3->__construct('P:\\Github\\Proje...')
#1 P:\Github\ProjetFinalS4\system\Database\BaseConnection.php(555): CodeIgniter\Database\SQLite3\Connection->connect(false)
#2 P:\Github\ProjetFinalS4\system\Database\SQLite3\Connection.php(74): CodeIgniter\Database\BaseConnection->initialize()
#3 P:\Github\ProjetFinalS4\system\Database\BaseConnection.php(795): CodeIgniter\Database\SQLite3\Connection->initialize()
#4 P:\Github\ProjetFinalS4\system\Database\BaseConnection.php(1706): CodeIgniter\Database\BaseConnection->query('SELECT "NAME" F...')
#5 P:\Github\ProjetFinalS4\system\Database\BaseConnection.php(1726): CodeIgniter\Database\BaseConnection->listTables()
#6 P:\Github\ProjetFinalS4\system\Database\MigrationRunner.php(821): CodeIgniter\Database\BaseConnection->tableExists('migrations')
#7 P:\Github\ProjetFinalS4\system\Database\MigrationRunner.php(173): CodeIgniter\Database\MigrationRunner->ensureTable()
#8 P:\Github\ProjetFinalS4\system\Commands\Database\Migrate.php(89): CodeIgniter\Database\MigrationRunner->latest(NULL)
#9 P:\Github\ProjetFinalS4\system\CLI\SignalTrait.php(245): CodeIgniter\Commands\Database\Migrate::{closure:CodeIgniter\Commands\Database\Migrate::run():88}()
#10 P:\Github\ProjetFinalS4\system\Commands\Database\Migrate.php(88): CodeIgniter\Commands\Database\Migrate->withSignalsBlocked(Object(Closure))
#11 P:\Github\ProjetFinalS4\system\CLI\Commands.php(74): CodeIgniter\Commands\Database\Migrate->run(Array)
#12 P:\Github\ProjetFinalS4\system\CLI\Console.php(47): CodeIgniter\CLI\Commands->run('migrate', Array)
#13 P:\Github\ProjetFinalS4\system\Boot.php(442): CodeIgniter\CLI\Console->run()
#14 P:\Github\ProjetFinalS4\system\Boot.php(166): CodeIgniter\Boot::runCommand(Object(CodeIgniter\CLI\Console))
#15 P:\Github\ProjetFinalS4\spark(87): CodeIgniter\Boot::bootSpark(Object(Config\Paths))
#16 {main}

Next CodeIgniter\Database\Exceptions\DatabaseException: SQLite3 error: Unable to open database: unable to open database file in P:\Github\ProjetFinalS4\system\Database\SQLite3\Connection.php:118
Stack trace:
#0 P:\Github\ProjetFinalS4\system\Database\BaseConnection.php(555): CodeIgniter\Database\SQLite3\Connection->connect(false)
#1 P:\Github\ProjetFinalS4\system\Database\SQLite3\Connection.php(74): CodeIgniter\Database\BaseConnection->initialize()
#2 P:\Github\ProjetFinalS4\system\Database\BaseConnection.php(795): CodeIgniter\Database\SQLite3\Connection->initialize()
#3 P:\Github\ProjetFinalS4\system\Database\BaseConnection.php(1706): CodeIgniter\Database\BaseConnection->query('SELECT "NAME" F...')
#4 P:\Github\ProjetFinalS4\system\Database\BaseConnection.php(1726): CodeIgniter\Database\BaseConnection->listTables()
#5 P:\Github\ProjetFinalS4\system\Database\MigrationRunner.php(821): CodeIgniter\Database\BaseConnection->tableExists('migrations')
#6 P:\Github\ProjetFinalS4\system\Database\MigrationRunner.php(173): CodeIgniter\Database\MigrationRunner->ensureTable()
#7 P:\Github\ProjetFinalS4\system\Commands\Database\Migrate.php(89): CodeIgniter\Database\MigrationRunner->latest(NULL)
#8 P:\Github\ProjetFinalS4\system\CLI\SignalTrait.php(245): CodeIgniter\Commands\Database\Migrate::{closure:CodeIgniter\Commands\Database\Migrate::run():88}()
#9 P:\Github\ProjetFinalS4\system\Commands\Database\Migrate.php(88): CodeIgniter\Commands\Database\Migrate->withSignalsBlocked(Object(Closure))
#10 P:\Github\ProjetFinalS4\system\CLI\Commands.php(74): CodeIgniter\Commands\Database\Migrate->run(Array)
#11 P:\Github\ProjetFinalS4\system\CLI\Console.php(47): CodeIgniter\CLI\Commands->run('migrate', Array)
#12 P:\Github\ProjetFinalS4\system\Boot.php(442): CodeIgniter\CLI\Console->run()
#13 P:\Github\ProjetFinalS4\system\Boot.php(166): CodeIgniter\Boot::runCommand(Object(CodeIgniter\CLI\Console))
#14 P:\Github\ProjetFinalS4\spark(87): CodeIgniter\Boot::bootSpark(Object(Config\Paths))
#15 {main}
ERROR - 2026-07-20 07:46:02 --> Error connecting to the database: Exception: Unable to open database: unable to open database file in P:\Github\ProjetFinalS4\system\Database\SQLite3\Connection.php:111
Stack trace:
#0 P:\Github\ProjetFinalS4\system\Database\SQLite3\Connection.php(111): SQLite3->__construct('P:\\Github\\Proje...')
#1 P:\Github\ProjetFinalS4\system\Database\BaseConnection.php(555): CodeIgniter\Database\SQLite3\Connection->connect(false)
#2 P:\Github\ProjetFinalS4\system\Database\SQLite3\Connection.php(74): CodeIgniter\Database\BaseConnection->initialize()
#3 P:\Github\ProjetFinalS4\system\Database\BaseConnection.php(795): CodeIgniter\Database\SQLite3\Connection->initialize()
#4 P:\Github\ProjetFinalS4\system\Database\BaseConnection.php(1706): CodeIgniter\Database\BaseConnection->query('SELECT "NAME" F...')
#5 P:\Github\ProjetFinalS4\system\Database\BaseConnection.php(1726): CodeIgniter\Database\BaseConnection->listTables()
#6 P:\Github\ProjetFinalS4\system\Database\MigrationRunner.php(821): CodeIgniter\Database\BaseConnection->tableExists('migrations')
#7 P:\Github\ProjetFinalS4\system\Database\MigrationRunner.php(173): CodeIgniter\Database\MigrationRunner->ensureTable()
#8 P:\Github\ProjetFinalS4\system\Commands\Database\Migrate.php(89): CodeIgniter\Database\MigrationRunner->latest(NULL)
#9 P:\Github\ProjetFinalS4\system\CLI\SignalTrait.php(245): CodeIgniter\Commands\Database\Migrate::{closure:CodeIgniter\Commands\Database\Migrate::run():88}()
#10 P:\Github\ProjetFinalS4\system\Commands\Database\Migrate.php(88): CodeIgniter\Commands\Database\Migrate->withSignalsBlocked(Object(Closure))
#11 P:\Github\ProjetFinalS4\system\CLI\Commands.php(74): CodeIgniter\Commands\Database\Migrate->run(Array)
#12 P:\Github\ProjetFinalS4\system\CLI\Console.php(47): CodeIgniter\CLI\Commands->run('migrate', Array)
#13 P:\Github\ProjetFinalS4\system\Boot.php(442): CodeIgniter\CLI\Console->run()
#14 P:\Github\ProjetFinalS4\system\Boot.php(166): CodeIgniter\Boot::runCommand(Object(CodeIgniter\CLI\Console))
#15 P:\Github\ProjetFinalS4\spark(87): CodeIgniter\Boot::bootSpark(Object(Config\Paths))
#16 {main}

Next CodeIgniter\Database\Exceptions\DatabaseException: SQLite3 error: Unable to open database: unable to open database file in P:\Github\ProjetFinalS4\system\Database\SQLite3\Connection.php:118
Stack trace:
#0 P:\Github\ProjetFinalS4\system\Database\BaseConnection.php(555): CodeIgniter\Database\SQLite3\Connection->connect(false)
#1 P:\Github\ProjetFinalS4\system\Database\SQLite3\Connection.php(74): CodeIgniter\Database\BaseConnection->initialize()
#2 P:\Github\ProjetFinalS4\system\Database\BaseConnection.php(795): CodeIgniter\Database\SQLite3\Connection->initialize()
#3 P:\Github\ProjetFinalS4\system\Database\BaseConnection.php(1706): CodeIgniter\Database\BaseConnection->query('SELECT "NAME" F...')
#4 P:\Github\ProjetFinalS4\system\Database\BaseConnection.php(1726): CodeIgniter\Database\BaseConnection->listTables()
#5 P:\Github\ProjetFinalS4\system\Database\MigrationRunner.php(821): CodeIgniter\Database\BaseConnection->tableExists('migrations')
#6 P:\Github\ProjetFinalS4\system\Database\MigrationRunner.php(173): CodeIgniter\Database\MigrationRunner->ensureTable()
#7 P:\Github\ProjetFinalS4\system\Commands\Database\Migrate.php(89): CodeIgniter\Database\MigrationRunner->latest(NULL)
#8 P:\Github\ProjetFinalS4\system\CLI\SignalTrait.php(245): CodeIgniter\Commands\Database\Migrate::{closure:CodeIgniter\Commands\Database\Migrate::run():88}()
#9 P:\Github\ProjetFinalS4\system\Commands\Database\Migrate.php(88): CodeIgniter\Commands\Database\Migrate->withSignalsBlocked(Object(Closure))
#10 P:\Github\ProjetFinalS4\system\CLI\Commands.php(74): CodeIgniter\Commands\Database\Migrate->run(Array)
#11 P:\Github\ProjetFinalS4\system\CLI\Console.php(47): CodeIgniter\CLI\Commands->run('migrate', Array)
#12 P:\Github\ProjetFinalS4\system\Boot.php(442): CodeIgniter\CLI\Console->run()
#13 P:\Github\ProjetFinalS4\system\Boot.php(166): CodeIgniter\Boot::runCommand(Object(CodeIgniter\CLI\Console))
#14 P:\Github\ProjetFinalS4\spark(87): CodeIgniter\Boot::bootSpark(Object(Config\Paths))
#15 {main}
ERROR - 2026-07-20 07:46:51 --> Error connecting to the database: Exception: Unable to open database: unable to open database file in P:\Github\ProjetFinalS4\system\Database\SQLite3\Connection.php:111
Stack trace:
#0 P:\Github\ProjetFinalS4\system\Database\SQLite3\Connection.php(111): SQLite3->__construct('P:\\Github\\Proje...')
#1 P:\Github\ProjetFinalS4\system\Database\BaseConnection.php(555): CodeIgniter\Database\SQLite3\Connection->connect(false)
#2 P:\Github\ProjetFinalS4\system\Database\SQLite3\Connection.php(74): CodeIgniter\Database\BaseConnection->initialize()
#3 P:\Github\ProjetFinalS4\system\Database\BaseConnection.php(795): CodeIgniter\Database\SQLite3\Connection->initialize()
#4 P:\Github\ProjetFinalS4\system\Database\BaseConnection.php(1706): CodeIgniter\Database\BaseConnection->query('SELECT "NAME" F...')
#5 P:\Github\ProjetFinalS4\system\Database\BaseConnection.php(1726): CodeIgniter\Database\BaseConnection->listTables()
#6 P:\Github\ProjetFinalS4\system\Database\MigrationRunner.php(821): CodeIgniter\Database\BaseConnection->tableExists('migrations')
#7 P:\Github\ProjetFinalS4\system\Database\MigrationRunner.php(173): CodeIgniter\Database\MigrationRunner->ensureTable()
#8 P:\Github\ProjetFinalS4\system\Commands\Database\Migrate.php(89): CodeIgniter\Database\MigrationRunner->latest(NULL)
#9 P:\Github\ProjetFinalS4\system\CLI\SignalTrait.php(245): CodeIgniter\Commands\Database\Migrate::{closure:CodeIgniter\Commands\Database\Migrate::run():88}()
#10 P:\Github\ProjetFinalS4\system\Commands\Database\Migrate.php(88): CodeIgniter\Commands\Database\Migrate->withSignalsBlocked(Object(Closure))
#11 P:\Github\ProjetFinalS4\system\CLI\Commands.php(74): CodeIgniter\Commands\Database\Migrate->run(Array)
#12 P:\Github\ProjetFinalS4\system\CLI\Console.php(47): CodeIgniter\CLI\Commands->run('migrate', Array)
#13 P:\Github\ProjetFinalS4\system\Boot.php(442): CodeIgniter\CLI\Console->run()
#14 P:\Github\ProjetFinalS4\system\Boot.php(166): CodeIgniter\Boot::runCommand(Object(CodeIgniter\CLI\Console))
#15 P:\Github\ProjetFinalS4\spark(87): CodeIgniter\Boot::bootSpark(Object(Config\Paths))
#16 {main}

Next CodeIgniter\Database\Exceptions\DatabaseException: SQLite3 error: Unable to open database: unable to open database file in P:\Github\ProjetFinalS4\system\Database\SQLite3\Connection.php:118
Stack trace:
#0 P:\Github\ProjetFinalS4\system\Database\BaseConnection.php(555): CodeIgniter\Database\SQLite3\Connection->connect(false)
#1 P:\Github\ProjetFinalS4\system\Database\SQLite3\Connection.php(74): CodeIgniter\Database\BaseConnection->initialize()
#2 P:\Github\ProjetFinalS4\system\Database\BaseConnection.php(795): CodeIgniter\Database\SQLite3\Connection->initialize()
#3 P:\Github\ProjetFinalS4\system\Database\BaseConnection.php(1706): CodeIgniter\Database\BaseConnection->query('SELECT "NAME" F...')
#4 P:\Github\ProjetFinalS4\system\Database\BaseConnection.php(1726): CodeIgniter\Database\BaseConnection->listTables()
#5 P:\Github\ProjetFinalS4\system\Database\MigrationRunner.php(821): CodeIgniter\Database\BaseConnection->tableExists('migrations')
#6 P:\Github\ProjetFinalS4\system\Database\MigrationRunner.php(173): CodeIgniter\Database\MigrationRunner->ensureTable()
#7 P:\Github\ProjetFinalS4\system\Commands\Database\Migrate.php(89): CodeIgniter\Database\MigrationRunner->latest(NULL)
#8 P:\Github\ProjetFinalS4\system\CLI\SignalTrait.php(245): CodeIgniter\Commands\Database\Migrate::{closure:CodeIgniter\Commands\Database\Migrate::run():88}()
#9 P:\Github\ProjetFinalS4\system\Commands\Database\Migrate.php(88): CodeIgniter\Commands\Database\Migrate->withSignalsBlocked(Object(Closure))
#10 P:\Github\ProjetFinalS4\system\CLI\Commands.php(74): CodeIgniter\Commands\Database\Migrate->run(Array)
#11 P:\Github\ProjetFinalS4\system\CLI\Console.php(47): CodeIgniter\CLI\Commands->run('migrate', Array)
#12 P:\Github\ProjetFinalS4\system\Boot.php(442): CodeIgniter\CLI\Console->run()
#13 P:\Github\ProjetFinalS4\system\Boot.php(166): CodeIgniter\Boot::runCommand(Object(CodeIgniter\CLI\Console))
#14 P:\Github\ProjetFinalS4\spark(87): CodeIgniter\Boot::bootSpark(Object(Config\Paths))
#15 {main}
DEBUG - 2026-07-20 07:54:46 --> Session: Class initialized using 'CodeIgniter\Session\Handlers\FileHandler' driver.
DEBUG - 2026-07-20 07:56:19 --> Session: Class initialized using 'CodeIgniter\Session\Handlers\FileHandler' driver.
DEBUG - 2026-07-20 07:56:23 --> Session: Class initialized using 'CodeIgniter\Session\Handlers\FileHandler' driver.
DEBUG - 2026-07-20 07:56:23 --> Session: Class initialized using 'CodeIgniter\Session\Handlers\FileHandler' driver.
DEBUG - 2026-07-20 08:02:29 --> Session: Class initialized using 'CodeIgniter\Session\Handlers\FileHandler' driver.
DEBUG - 2026-07-20 08:02:33 --> Session: Class initialized using 'CodeIgniter\Session\Handlers\FileHandler' driver.
DEBUG - 2026-07-20 08:02:34 --> Session: Class initialized using 'CodeIgniter\Session\Handlers\FileHandler' driver.
